
> r4mi-ai-frontend@0.1.0 build
> tsc -b && vite build

src/components/legacy/ApplicationInbox.tsx(37,11): error TS6133: 'match' is declared but its value is never read.
